// Jest Snapshot v1, https://goo.gl/fbAQLP

exports[`P matches the snapshot 1`] = `
.c0 {
  font-size: 1rem;
  line-height: 1.4rem;
  color: #333;
  margin: 0.2rem 0;
}

<p
  className="c0"
>
  Hi There
</p>
`;
