// Jest Snapshot v1, https://goo.gl/fbAQLP

exports[`Grid matches the snapshot 1`] = `
<Styled(UnStyledGrid)>
  Hi There
</Styled(UnStyledGrid)>
`;
