// Jest Snapshot v1, https://goo.gl/fbAQLP

exports[`Card matches the snapshot 1`] = `
<Styled(UnStyledCard)>
  Hi There
</Styled(UnStyledCard)>
`;
