// Jest Snapshot v1, https://goo.gl/fbAQLP

exports[`Avatar matches the snapshot 1`] = `<Styled(UnStyledAvatar) />`;
