// Jest Snapshot v1, https://goo.gl/fbAQLP

exports[`TextInput matches the snapshot 1`] = `
<Styled(UnStyledTextInput)
  placeholder="Hi There"
/>
`;
