// Jest Snapshot v1, https://goo.gl/fbAQLP

exports[`Heading matches the snapshot 1`] = `
.c0 {
  color: #222;
  margin: 0;
  font-size: 1.5rem;
  margin: 0.5rem 0;
}

.c0 a {
  color: inherit;
  -webkit-text-decoration: none;
  text-decoration: none;
  font-weight: inherit;
}

@media (min-width:600px) {
  .c0 {
    font-size: 2rem;
  }
}

<h1
  className="c0"
>
  Hi There
</h1>
`;
